// Jest Snapshot v1, https://goo.gl/fbAQLP

exports[`Button.styles Container DEVE ser igual ao snapshot 1`] = `
<View
  accessibilityState={
    {
      "busy": undefined,
      "checked": undefined,
      "disabled": undefined,
      "expanded": undefined,
      "selected": undefined,
    }
  }
  accessibilityValue={
    {
      "max": undefined,
      "min": undefined,
      "now": undefined,
      "text": undefined,
    }
  }
  accessible={true}
  collapsable={false}
  focusable={false}
  onClick={[Function]}
  onResponderGrant={[Function]}
  onResponderMove={[Function]}
  onResponderRelease={[Function]}
  onResponderTerminate={[Function]}
  onResponderTerminationRequest={[Function]}
  onStartShouldSetResponder={[Function]}
  style={
    {
      "alignItems": "center",
      "backgroundColor": "#8257e5",
      "height": 56,
      "justifyContent": "center",
      "opacity": 1,
      "width": "100%",
    }
  }
/>
`;

exports[`Button.styles Title DEVE ser igual ao snapshot 1`] = `
<Text
  style={
    {
      "color": "#fff",
      "fontSize": 16,
      "fontWeight": "bold",
    }
  }
/>
`;
